magicmock-factory          running...
magicmock-factory          reject  no-changes               oracle 30/31           1359.8s

0/1 accepted
magicmock-factory          running...
magicmock-factory          reject  no-changes               oracle 30/31            813.2s BUDGET:turns

0/1 accepted
magicmock-factory          running...
magicmock-factory          reject  no-progress              oracle 30/31           1547.4s OUT-OF-SCOPE

0/1 accepted
magicmock-factory          running...
magicmock-factory          reject  out-of-scope             oracle 31/31           1669.9s OUT-OF-SCOPE

0/1 accepted
magicmock-factory          running...
magicmock-factory          ACCEPT  accepted                 oracle 31/31           1800.0s

1/1 accepted
magicmock-factory          running...
magicmock-factory          ACCEPT  accepted                 oracle 31/31            606.0s +tests

1/1 accepted
magicmock-factory          running...
magicmock-factory          reject  out-of-scope             oracle 31/31            597.3s OUT-OF-SCOPE

0/1 accepted
magicmock-factory          running...
magicmock-factory          ACCEPT  accepted                 oracle 31/31            726.6s +tests

1/1 accepted
