cell gemma12b-envelope: live configuration verified
flask-extensions           running...
flask-extensions           reject  out-of-scope             oracle 19/19            196.8s OUT-OF-SCOPE

0/1 accepted
cell gemma12b-envelope: live configuration verified
flask-extensions           running...
flask-extensions           reject  out-of-scope             oracle 19/19            240.1s OUT-OF-SCOPE

0/1 accepted
cell gemma12b-envelope: live configuration verified
flask-extensions           running...
flask-extensions           reject  out-of-scope             oracle 19/19            233.4s OUT-OF-SCOPE

0/1 accepted
cell gemma12b-envelope: live configuration verified
fastapi-get-registry       running...
fastapi-get-registry       reject  partial-progress         oracle 11/24            201.4s

0/1 accepted
cell gemma12b-envelope: live configuration verified
fastapi-get-registry       running...
fastapi-get-registry       reject  no-progress              oracle 9/24             189.7s

0/1 accepted
cell gemma12b-envelope: live configuration verified
fastapi-get-registry       running...
fastapi-get-registry       reject  no-progress              oracle 9/24             357.5s

0/1 accepted
cell gemma12b-envelope: live configuration verified
autowire                   running...
autowire                   reject  partial-progress         oracle 54/67            154.8s

0/1 accepted
cell gemma12b-envelope: live configuration verified
autowire                   running...
autowire                   reject  partial-progress         oracle 29/67            165.5s

0/1 accepted
cell gemma12b-envelope: live configuration verified
autowire                   running...
autowire                   reject  partial-progress         oracle 27/67             86.6s

0/1 accepted
