local-pings                running...
local-pings                reject  no-progress              oracle 15/18            343.8s +tests

0/1 accepted
local-pings                running...
local-pings                ACCEPT  accepted                 oracle 18/18            135.1s +tests

1/1 accepted
local-pings                running...
local-pings                ACCEPT  accepted                 oracle 18/18            363.7s

1/1 accepted
local-pings                running...
local-pings                ACCEPT  accepted                 oracle 18/18            462.0s

1/1 accepted
local-pings                running...
local-pings                ACCEPT  accepted                 oracle 18/18            315.2s +tests

1/1 accepted
local-pings                running...
local-pings                reject  no-progress              oracle 15/18            661.6s +tests

0/1 accepted
registry-iter              running...
registry-iter              reject  tests-vanished           oracle 34/35            187.7s

0/1 accepted
registry-iter              running...
registry-iter              reject  tests-vanished           oracle 34/35             36.9s

0/1 accepted
registry-iter              running...
registry-iter              reject  damaged                  oracle 34/35            151.0s

0/1 accepted
registry-iter              running...
registry-iter              reject  tests-vanished           oracle 34/35            419.7s

0/1 accepted
registry-iter              running...
registry-iter              reject  tests-vanished           oracle 34/35             44.8s

0/1 accepted
registry-iter              running...
registry-iter              reject  tests-vanished           oracle 34/35             35.2s

0/1 accepted
magicmock-factory          running...
magicmock-factory          reject  no-progress              oracle 30/31            540.8s OUT-OF-SCOPE

0/1 accepted
magicmock-factory          running...
magicmock-factory          ACCEPT  accepted                 oracle 31/31            308.9s

1/1 accepted
magicmock-factory          running...
magicmock-factory          reject  no-progress              oracle 30/31            967.6s OUT-OF-SCOPE

0/1 accepted
magicmock-factory          running...
magicmock-factory          reject  no-progress              oracle 30/31            670.2s OUT-OF-SCOPE

0/1 accepted
magicmock-factory          running...
magicmock-factory          reject  damaged                  oracle 30/31            766.5s OUT-OF-SCOPE

0/1 accepted
magicmock-factory          running...
magicmock-factory          reject  no-progress              oracle 30/31            723.1s OUT-OF-SCOPE

0/1 accepted
flask-extensions           running...
flask-extensions           ACCEPT  accepted                 oracle 19/19            129.6s

1/1 accepted
flask-extensions           running...
flask-extensions           ACCEPT  accepted                 oracle 19/19            123.9s +tests

1/1 accepted
flask-extensions           running...
flask-extensions           ACCEPT  accepted                 oracle 19/19            824.3s +tests

1/1 accepted
flask-extensions           running...
flask-extensions           ACCEPT  accepted                 oracle 19/19            261.1s +tests

1/1 accepted
flask-extensions           running...
flask-extensions           ACCEPT  accepted                 oracle 19/19            491.6s

1/1 accepted
flask-extensions           running...
flask-extensions           ACCEPT  accepted                 oracle 19/19            158.3s +tests

1/1 accepted
