cell gemma12b-envelope: live configuration verified
registry-iter              running...
registry-iter              reject  no-changes               oracle 34/35             18.4s

0/1 accepted
cell gemma12b-envelope: live configuration verified
registry-iter              running...
registry-iter              reject  no-changes               oracle 34/35            294.6s

0/1 accepted
cell gemma12b-envelope: live configuration verified
registry-iter              running...
registry-iter              reject  no-changes               oracle 34/35              2.5s

0/1 accepted
cell gemma12b-envelope: live configuration verified
magicmock-factory          running...
magicmock-factory          reject  no-progress              oracle 30/31             97.2s OUT-OF-SCOPE BUDGET:turns

0/1 accepted
cell gemma12b-envelope: live configuration verified
magicmock-factory          running...
magicmock-factory          reject  no-progress              oracle 30/31            367.0s OUT-OF-SCOPE

0/1 accepted
cell gemma12b-envelope: live configuration verified
magicmock-factory          running...
magicmock-factory          reject  no-changes               oracle 30/31              6.4s

0/1 accepted
cell gemma12b-envelope: live configuration verified
async-cm-enter             running...
async-cm-enter             reject  no-changes               oracle 8/10               3.2s

0/1 accepted
cell gemma12b-envelope: live configuration verified
async-cm-enter             running...
async-cm-enter             reject  no-changes               oracle 8/10               8.3s

0/1 accepted
cell gemma12b-envelope: live configuration verified
async-cm-enter             running...
async-cm-enter             reject  no-changes               oracle 8/10               8.6s

0/1 accepted
cell gemma12b-envelope: live configuration verified
local-pings                running...
local-pings                reject  no-changes               oracle 15/18            372.7s

0/1 accepted
cell gemma12b-envelope: live configuration verified
local-pings                running...
local-pings                reject  no-changes               oracle 15/18             82.3s BUDGET:turns

0/1 accepted
cell gemma12b-envelope: live configuration verified
local-pings                running...
local-pings                reject  no-progress              oracle 15/18             30.1s OUT-OF-SCOPE BUDGET:turns

0/1 accepted
cell gemma12b-envelope: live configuration verified
flask-extensions           running...
flask-extensions           reject  no-changes               oracle 17/19            331.0s

0/1 accepted
cell gemma12b-envelope: live configuration verified
flask-extensions           running...
flask-extensions           reject  no-changes               oracle 17/19            359.3s

0/1 accepted
cell gemma12b-envelope: live configuration verified
flask-extensions           running...
flask-extensions           reject  no-changes               oracle 17/19             20.3s

0/1 accepted
cell gemma12b-envelope: live configuration verified
stringified-annotations    running...
stringified-annotations    reject  no-changes               oracle 32/34            379.5s

0/1 accepted
cell gemma12b-envelope: live configuration verified
stringified-annotations    running...
stringified-annotations    reject  no-changes               oracle 32/34             31.6s

0/1 accepted
cell gemma12b-envelope: live configuration verified
stringified-annotations    running...
stringified-annotations    reject  no-changes               oracle 32/34            351.6s

0/1 accepted
cell gemma12b-envelope: live configuration verified
fastapi-get-registry       running...
fastapi-get-registry       reject  no-changes               oracle 9/24             367.6s

0/1 accepted
cell gemma12b-envelope: live configuration verified
fastapi-get-registry       running...
fastapi-get-registry       reject  no-changes               oracle 9/24              19.1s

0/1 accepted
cell gemma12b-envelope: live configuration verified
fastapi-get-registry       running...
fastapi-get-registry       reject  no-changes               oracle 9/24               3.1s

0/1 accepted
cell gemma12b-envelope: live configuration verified
autowire                   running...
autowire                   reject  no-progress              oracle 0/0              392.0s OUT-OF-SCOPE

0/1 accepted
cell gemma12b-envelope: live configuration verified
autowire                   running...
autowire                   reject  no-changes               oracle 0/0              310.9s

0/1 accepted
cell gemma12b-envelope: live configuration verified
autowire                   running...
autowire                   reject  no-changes               oracle 0/0              424.0s

0/1 accepted
