magicmock-factory              28 chars   889.5s  ok
async-cm-enter                 79 chars   747.4s  ok
local-pings                  6156 chars   507.5s  ok
flask-extensions             4234 chars  1103.7s  ok
stringified-annotations      5114 chars   516.3s  ok
fastapi-get-registry           54 chars  1226.1s  ok
autowire                     9708 chars   886.3s  ok
registry-iter              running...
registry-iter              ACCEPT  accepted                 oracle 35/35             84.7s
magicmock-factory          running...
magicmock-factory          ACCEPT  accepted                 oracle 31/31            692.0s +tests
async-cm-enter             running...
async-cm-enter             ACCEPT  accepted                 oracle 10/10            555.3s +tests
local-pings                running...
local-pings                ACCEPT  accepted                 oracle 18/18            776.3s
flask-extensions           running...
flask-extensions           reject  out-of-scope             oracle 19/19            281.0s OUT-OF-SCOPE +tests
stringified-annotations    running...
stringified-annotations    ACCEPT  accepted                 oracle 34/34            130.9s +tests
fastapi-get-registry       running...
fastapi-get-registry       reject  partial-progress         oracle 15/24           1618.0s +tests
autowire                   running...
autowire                   reject  partial-progress         oracle 54/67           1059.9s

5/8 accepted
registry-iter              running...
registry-iter              ACCEPT  accepted                 oracle 35/35             45.2s
magicmock-factory          running...
magicmock-factory          reject  no-changes               oracle 30/31              4.1s
async-cm-enter             running...
async-cm-enter             reject  no-changes               oracle 8/10              17.8s
local-pings                running...
local-pings                reject  out-of-scope             oracle 18/18            156.5s OUT-OF-SCOPE
flask-extensions           running...
flask-extensions           reject  out-of-scope             oracle 19/19            448.8s OUT-OF-SCOPE
stringified-annotations    running...
stringified-annotations    ACCEPT  accepted                 oracle 34/34             90.7s +tests
fastapi-get-registry       running...
fastapi-get-registry       reject  no-changes               oracle 9/24               3.6s
autowire                   running...
autowire                   reject  tests-vanished           oracle 0/0              396.9s BUDGET:turns

2/8 accepted
registry-iter              running...
registry-iter              reject  damaged                  oracle 33/35            442.7s
magicmock-factory          running...
magicmock-factory          ACCEPT  accepted                 oracle 31/31            339.2s
async-cm-enter             running...
async-cm-enter             reject  out-of-scope             oracle 10/10            406.2s OUT-OF-SCOPE
local-pings                running...
local-pings                reject  no-changes               oracle 15/18            896.1s
flask-extensions           running...
flask-extensions           ACCEPT  accepted                 oracle 19/19             90.2s +tests
stringified-annotations    running...
stringified-annotations    reject  no-progress              oracle 32/34           1697.3s OUT-OF-SCOPE +tests
fastapi-get-registry       running...
fastapi-get-registry       reject  no-changes               oracle 9/24            1800.0s
autowire                   running...
autowire                   reject  tests-vanished           oracle 0/0             1800.0s

2/8 accepted
